21:31:07 **** Incremental Build of configuration Debug for project ServoClock ****
make -j7 all 
arm-none-eabi-gcc "../Src/main.c" -mcpu=cortex-m4 -std=gnu11 -g3 -DDEBUG -DARM_MATH_CM4=1 -DSTM32 -DSTM32F4 -DSTM32F411CEUx -c -I../Inc -I/Users/jourdanrampoldi/workspace/CMSIS/Include -I/Users/jourdanrampoldi/workspace/CMSIS/Device/ST/STM32F4xx -O0 -ffunction-sections -fdata-sections -Wall -fstack-usage -fcyclomatic-complexity -MMD -MP -MF"Src/main.d" -MT"Src/main.o" --specs=nano.specs -mfpu=fpv4-sp-d16 -mfloat-abi=hard -mthumb -o "Src/main.o"
arm-none-eabi-gcc "../Src/pwm_handler.c" -mcpu=cortex-m4 -std=gnu11 -g3 -DDEBUG -DARM_MATH_CM4=1 -DSTM32 -DSTM32F4 -DSTM32F411CEUx -c -I../Inc -I/Users/jourdanrampoldi/workspace/CMSIS/Include -I/Users/jourdanrampoldi/workspace/CMSIS/Device/ST/STM32F4xx -O0 -ffunction-sections -fdata-sections -Wall -fstack-usage -fcyclomatic-complexity -MMD -MP -MF"Src/pwm_handler.d" -MT"Src/pwm_handler.o" --specs=nano.specs -mfpu=fpv4-sp-d16 -mfloat-abi=hard -mthumb -o "Src/pwm_handler.o"
arm-none-eabi-gcc "../Src/tim_driver.c" -mcpu=cortex-m4 -std=gnu11 -g3 -DDEBUG -DARM_MATH_CM4=1 -DSTM32 -DSTM32F4 -DSTM32F411CEUx -c -I../Inc -I/Users/jourdanrampoldi/workspace/CMSIS/Include -I/Users/jourdanrampoldi/workspace/CMSIS/Device/ST/STM32F4xx -O0 -ffunction-sections -fdata-sections -Wall -fstack-usage -fcyclomatic-complexity -MMD -MP -MF"Src/tim_driver.d" -MT"Src/tim_driver.o" --specs=nano.specs -mfpu=fpv4-sp-d16 -mfloat-abi=hard -mthumb -o "Src/tim_driver.o"
arm-none-eabi-gcc -o "ServoClock.elf" @"objects.list"   -mcpu=cortex-m4 -T"/Users/jourdanrampoldi/workspace/TwoArmClock/ServoClock/STM32F411CEUX_FLASH.ld" --specs=nosys.specs -Wl,-Map="ServoClock.map" -Wl,--gc-sections -static --specs=nano.specs -mfpu=fpv4-sp-d16 -mfloat-abi=hard -mthumb -Wl,--start-group -lc -lm -Wl,--end-group
Finished building target: ServoClock.elf
 
arm-none-eabi-size   ServoClock.elf 
arm-none-eabi-objdump -h -S  ServoClock.elf  > "ServoClock.list"
arm-none-eabi-objcopy  -O binary  ServoClock.elf  "ServoClock.bin"
   text	   data	    bss	    dec	    hex	filename
  18220	   1096	   1928	  21244	   52fc	ServoClock.elf
Finished building: default.size.stdout
 
Finished building: ServoClock.bin
 
Finished building: ServoClock.list
 
21:31:15 **** Incremental Build of configuration Debug for project ServoClock ****
make -j7 all 
arm-none-eabi-size   ServoClock.elf 
   text	   data	    bss	    dec	    hex	filename
  18220	   1096	   1928	  21244	   52fc	ServoClock.elf
Finished building: default.size.stdout
 
21:36:11 **** Incremental Build of configuration Debug for project ServoClock ****
make -j7 all 
arm-none-eabi-gcc "../Src/pwm_handler.c" -mcpu=cortex-m4 -std=gnu11 -g3 -DDEBUG -DARM_MATH_CM4=1 -DSTM32 -DSTM32F4 -DSTM32F411CEUx -c -I../Inc -I/Users/jourdanrampoldi/workspace/CMSIS/Include -I/Users/jourdanrampoldi/workspace/CMSIS/Device/ST/STM32F4xx -O0 -ffunction-sections -fdata-sections -Wall -fstack-usage -fcyclomatic-complexity -MMD -MP -MF"Src/pwm_handler.d" -MT"Src/pwm_handler.o" --specs=nano.specs -mfpu=fpv4-sp-d16 -mfloat-abi=hard -mthumb -o "Src/pwm_handler.o"
arm-none-eabi-gcc -o "ServoClock.elf" @"objects.list"   -mcpu=cortex-m4 -T"/Users/jourdanrampoldi/workspace/TwoArmClock/ServoClock/STM32F411CEUX_FLASH.ld" --specs=nosys.specs -Wl,-Map="ServoClock.map" -Wl,--gc-sections -static --specs=nano.specs -mfpu=fpv4-sp-d16 -mfloat-abi=hard -mthumb -Wl,--start-group -lc -lm -Wl,--end-group
Finished building target: ServoClock.elf
 
arm-none-eabi-size   ServoClock.elf 
arm-none-eabi-objdump -h -S  ServoClock.elf  > "ServoClock.list"
arm-none-eabi-objcopy  -O binary  ServoClock.elf  "ServoClock.bin"
   text	   data	    bss	    dec	    hex	filename
  18228	   1096	   1928	  21252	   5304	ServoClock.elf
Finished building: default.size.stdout
 
Finished building: ServoClock.bin
 
Finished building: ServoClock.list
 
21:39:01 **** Incremental Build of configuration Debug for project ServoClock ****
make -j7 all 
arm-none-eabi-gcc "../Src/main.c" -mcpu=cortex-m4 -std=gnu11 -g3 -DDEBUG -DARM_MATH_CM4=1 -DSTM32 -DSTM32F4 -DSTM32F411CEUx -c -I../Inc -I/Users/jourdanrampoldi/workspace/CMSIS/Include -I/Users/jourdanrampoldi/workspace/CMSIS/Device/ST/STM32F4xx -O0 -ffunction-sections -fdata-sections -Wall -fstack-usage -fcyclomatic-complexity -MMD -MP -MF"Src/main.d" -MT"Src/main.o" --specs=nano.specs -mfpu=fpv4-sp-d16 -mfloat-abi=hard -mthumb -o "Src/main.o"
arm-none-eabi-gcc -o "ServoClock.elf" @"objects.list"   -mcpu=cortex-m4 -T"/Users/jourdanrampoldi/workspace/TwoArmClock/ServoClock/STM32F411CEUX_FLASH.ld" --specs=nosys.specs -Wl,-Map="ServoClock.map" -Wl,--gc-sections -static --specs=nano.specs -mfpu=fpv4-sp-d16 -mfloat-abi=hard -mthumb -Wl,--start-group -lc -lm -Wl,--end-group
Finished building target: ServoClock.elf
 
arm-none-eabi-size   ServoClock.elf 
arm-none-eabi-objdump -h -S  ServoClock.elf  > "ServoClock.list"
arm-none-eabi-objcopy  -O binary  ServoClock.elf  "ServoClock.bin"
   text	   data	    bss	    dec	    hex	filename
  18300	   1096	   1928	  21324	   534c	ServoClock.elf
Finished building: default.size.stdout
 
Finished building: ServoClock.bin
 
Finished building: ServoClock.list
 
21:41:56 **** Incremental Build of configuration Debug for project ServoClock ****
make -j7 all 
arm-none-eabi-gcc "../Src/pwm_handler.c" -mcpu=cortex-m4 -std=gnu11 -g3 -DDEBUG -DARM_MATH_CM4=1 -DSTM32 -DSTM32F4 -DSTM32F411CEUx -c -I../Inc -I/Users/jourdanrampoldi/workspace/CMSIS/Include -I/Users/jourdanrampoldi/workspace/CMSIS/Device/ST/STM32F4xx -O0 -ffunction-sections -fdata-sections -Wall -fstack-usage -fcyclomatic-complexity -MMD -MP -MF"Src/pwm_handler.d" -MT"Src/pwm_handler.o" --specs=nano.specs -mfpu=fpv4-sp-d16 -mfloat-abi=hard -mthumb -o "Src/pwm_handler.o"
arm-none-eabi-gcc -o "ServoClock.elf" @"objects.list"   -mcpu=cortex-m4 -T"/Users/jourdanrampoldi/workspace/TwoArmClock/ServoClock/STM32F411CEUX_FLASH.ld" --specs=nosys.specs -Wl,-Map="ServoClock.map" -Wl,--gc-sections -static --specs=nano.specs -mfpu=fpv4-sp-d16 -mfloat-abi=hard -mthumb -Wl,--start-group -lc -lm -Wl,--end-group
Finished building target: ServoClock.elf
 
arm-none-eabi-size   ServoClock.elf 
arm-none-eabi-objdump -h -S  ServoClock.elf  > "ServoClock.list"
arm-none-eabi-objcopy  -O binary  ServoClock.elf  "ServoClock.bin"
   text	   data	    bss	    dec	    hex	filename
  18300	   1096	   1928	  21324	   534c	ServoClock.elf
Finished building: default.size.stdout
Finished building: ServoClock.bin
 
 
Finished building: ServoClock.list
 
21:44:29 **** Incremental Build of configuration Debug for project ServoClock ****
make -j7 all 
arm-none-eabi-gcc "../Src/pwm_handler.c" -mcpu=cortex-m4 -std=gnu11 -g3 -DDEBUG -DARM_MATH_CM4=1 -DSTM32 -DSTM32F4 -DSTM32F411CEUx -c -I../Inc -I/Users/jourdanrampoldi/workspace/CMSIS/Include -I/Users/jourdanrampoldi/workspace/CMSIS/Device/ST/STM32F4xx -O0 -ffunction-sections -fdata-sections -Wall -fstack-usage -fcyclomatic-complexity -MMD -MP -MF"Src/pwm_handler.d" -MT"Src/pwm_handler.o" --specs=nano.specs -mfpu=fpv4-sp-d16 -mfloat-abi=hard -mthumb -o "Src/pwm_handler.o"
../Src/pwm_handler.c: In function 'move_servo':
../Src/pwm_handler.c:94:40: warning: format '%d' expects a matching 'int' argument [-Wformat=]
   94 |                 printf("Arm_Degrees = %d\n");
      |                                       ~^
      |                                        |
      |                                        int
../Src/pwm_handler.c:98:40: warning: format '%d' expects a matching 'int' argument [-Wformat=]
   98 |                 printf("Arm_Degrees = %d\n");
      |                                       ~^
      |                                        |
      |                                        int
arm-none-eabi-gcc -o "ServoClock.elf" @"objects.list"   -mcpu=cortex-m4 -T"/Users/jourdanrampoldi/workspace/TwoArmClock/ServoClock/STM32F411CEUX_FLASH.ld" --specs=nosys.specs -Wl,-Map="ServoClock.map" -Wl,--gc-sections -static --specs=nano.specs -mfpu=fpv4-sp-d16 -mfloat-abi=hard -mthumb -Wl,--start-group -lc -lm -Wl,--end-group
Finished building target: ServoClock.elf
 
arm-none-eabi-size   ServoClock.elf 
arm-none-eabi-objdump -h -S  ServoClock.elf  > "ServoClock.list"
arm-none-eabi-objcopy  -O binary  ServoClock.elf  "ServoClock.bin"
   text	   data	    bss	    dec	    hex	filename
  18340	   1096	   1928	  21364	   5374	ServoClock.elf
Finished building: default.size.stdout
 
Finished building: ServoClock.bin
 
Finished building: ServoClock.list
 
